*Info*    Exporting services from client ... 

*Info*    Client has finished starting ... 



*Info*    Configuring the session ...

	Library      = Tutorial1_et4382
	Cell         = transtest
	View         = schematic
	Simulator    = spectre
	State Path   = $AXL_SETUPDB_DIR/test_states
	State Name   = ExplorerRun.0
	Results DB   = /home/datyukov/tsmcBCD/Tutorial1_et4382/transtest/maestro/results/maestro/ExplorerRun.0.rdb
	Results Dir  = /home/datyukov/tsmcBCD/data/simdir/datyukov/simulation/Tutorial1_et4382/transtest/maestro/results/maestro/ExplorerRun.0/1/Tutorial1_et4382:transtest:1
	Results Loc  = /home/datyukov/tsmcBCD/data/simdir/datyukov/simulation/Tutorial1_et4382/transtest/maestro/results/maestro
	Project Dir  = /home/datyukov/tsmcBCD/data/simdir/datyukov/simulation
	Setup DB loc = /home/datyukov/tsmcBCD/Tutorial1_et4382/transtest/maestro
	File Encoding = 0


*Info*    The simulation mode in Spectre has been changed from
          'interactive' to 'batch' mode because ICLP.


*Info*    The auto suspension is disabled.






*Info*    Run start for Point ID (1 1) on testbench [
          Tutorial1_et4382:transtest:1 ].

Resetting statistical vars

*Info*    Setting parameter values ...

Setting var C = "30n"
Setting var N_fft = "65536"
Setting var R = "1k"
Setting var Xint = "5"
Setting var fbin = "250"
Setting var fin = "Xint*fbin"
Setting var fs = "fbin*N_fft"
Setting temp(T) = 27

*Info*    Netlist Directory =
          /home/datyukov/tsmcBCD/data/simdir/datyukov/simulation/Tutorial1_et4382/transtest/maestro/results/maestro/ExplorerRun.0/1/Tutorial1_et4382:transtest:1/netlist


*Info*    Data Directory    =
          /home/datyukov/tsmcBCD/data/simdir/datyukov/simulation/Tutorial1_et4382/transtest/maestro/results/maestro/ExplorerRun.0/1/Tutorial1_et4382:transtest:1


*Info*    Creating Netlist for Point ID (1 1)

generate netlist...
Begin Incremental Netlisting Feb 12 13:29:15 2026
End netlisting Feb 12 13:29:15 2026

	The netlist is up to date.
	Time taken to compare the design with netlist:   0.0s
      ...successful.
compose simulator input file...
      ...successful.

*Info*    Running simulation on testbench [
          Tutorial1_et4382:transtest:1 ] for Point ID (1 1).

Delete psf data in /home/datyukov/tsmcBCD/data/simdir/datyukov/simulation/Tutorial1_et4382/transtest/maestro/results/maestro/ExplorerRun.0/1/Tutorial1_et4382:transtest:1/psf.
compose simulator input file...
      ...successful.
start simulator if needed...
      ...successful.
simulate...
To view the simulator output, right-click on the test name, result 
name, or any value in the "Results" tab of the Outputs section and 
choose "Output Log" menu option.
INFO (ADE-3071): Simulation completed successfully.
reading simulation data...
      ...successful.
*Info*    Client has finished evaluating ... 

WARNING (OCN-6038): Results tran are not available for /home/datyukov/tsmcBCD/data/simdir/datyukov/simulation/Tutorial1_et4382/transtest/maestro/results/maestro/ExplorerRun.0/1/Tutorial1_et4382:transtest:1/psf. Use results() for a list of available results.
ERROR (EXPLORER-2709): Evaluation of output '/VOUT' returned 'nil' for point:'1' test:'Tutorial1_et4382:transtest:1'
	Expression:'VT("/VOUT")'.
Ensure that the definition of output is correct.

WARNING (OCN-6038): Results tran are not available for /home/datyukov/tsmcBCD/data/simdir/datyukov/simulation/Tutorial1_et4382/transtest/maestro/results/maestro/ExplorerRun.0/1/Tutorial1_et4382:transtest:1/psf. Use results() for a list of available results.
WARNING (OCN-6038): Results tran are not available for /home/datyukov/tsmcBCD/data/simdir/datyukov/simulation/Tutorial1_et4382/transtest/maestro/results/maestro/ExplorerRun.0/1/Tutorial1_et4382:transtest:1/psf. Use results() for a list of available results.
ERROR (EXPLORER-2708): Evaluation of output 'spectrum' failed for point:'1' test:'Tutorial1_et4382:transtest:1'
	Expression:'dB20((dft v("/VOUT" ?result "tran") 0.0002 4 0.0002 65536 "Hanning" 1 "default" 1.0))'
	because of the following error(s)
	*Error* dft: too many arguments (at most 8 expected, 9 given).
Ensure that the definition of output is correct.

WARNING (OCN-6038): Results tran are not available for /home/datyukov/tsmcBCD/data/simdir/datyukov/simulation/Tutorial1_et4382/transtest/maestro/results/maestro/ExplorerRun.0/1/Tutorial1_et4382:transtest:1/psf. Use results() for a list of available results.
ERROR (WIA-1006): Unable to plot expression <VT("/VIN")>
           because it does not evaluate to an object that can be plotted, like a waveform or
           parametric wave. See the Visualization & Analysis Tool documentation for information
           about the types of objects that can be plotted in Visualization & Analysis Tool. Only
           the expressions that evaluate to those objects can be plotted.
WARNING (OCN-6038): Results tran are not available for /home/datyukov/tsmcBCD/data/simdir/datyukov/simulation/Tutorial1_et4382/transtest/maestro/results/maestro/ExplorerRun.0/1/Tutorial1_et4382:transtest:1/psf. Use results() for a list of available results.
ERROR (WIA-1006): Unable to plot expression <VT("/VOUT")>
           because it does not evaluate to an object that can be plotted, like a waveform or
           parametric wave. See the Visualization & Analysis Tool documentation for information
           about the types of objects that can be plotted in Visualization & Analysis Tool. Only
           the expressions that evaluate to those objects can be plotted.

*Info*    Run complete for Point ID (1 1) on testbench [
          Tutorial1_et4382:transtest:1 ].





Simulation design variables differ from those on the cellView,
they have been saved in the file "/tmp/saved-design-variables".
To save future changes, copy variables to cellView before exiting.
