*Info*    Exporting services from client ... 

*Info*    Client has finished starting ... 



*Info*    Configuring the session ...

	Library      = SCPC2025
	Cell         = HW1_A
	View         = schematic
	Simulator    = spectre
	State Path   = $AXL_SETUPDB_DIR/test_states
	State Name   = ExplorerRun.0
	Results DB   = /home/datyukov/tsmcBCD/SCPC2025/HW1_A/maestro/results/maestro/ExplorerRun.0.rdb
	Results Dir  = /home/datyukov/tsmcBCD/data/simdir/datyukov/simulation/SCPC2025/HW1_A/maestro/results/maestro/ExplorerRun.0/1/SCPC_HW1_A_1
	Results Loc  = /home/datyukov/tsmcBCD/data/simdir/datyukov/simulation/SCPC2025/HW1_A/maestro/results/maestro
	Project Dir  = /home/datyukov/tsmcBCD/data/simdir/datyukov/simulation
	Setup DB loc = /home/datyukov/tsmcBCD/SCPC2025/HW1_A/maestro
	File Encoding = 0


*Info*    The simulation mode in Spectre has been changed from
          'interactive' to 'batch' mode because ICLP.


*Info*    The auto suspension is disabled.

Loading monte.cxt 





*Info*    Run start for Point ID (0 1) on testbench [ SCPC_HW1_A_1 ].

Resetting statistical vars

*Info*    Setting parameter values ...

Setting var CF = "1.33n"
Setting var COUT = "80n"
Setting var INITIAL = "0.8"
Setting var M = "0.25"
Setting var R = "11.31"
Setting var f = "500k"
Setting var iout = "0.5m"
Setting temp(T) = 27
Setting var tfr = "20n"
Setting var tnonov = "20n"
Setting var tsettle = "120u"
Setting var tstop = "250u"
Setting var vin = "4"

*Info*    Netlist Directory =
          /home/datyukov/tsmcBCD/data/simdir/datyukov/simulation/SCPC2025/HW1_A/maestro/results/maestro/ExplorerRun.0/1/SCPC_HW1_A_1/netlist


*Info*    Data Directory    =
          /home/datyukov/tsmcBCD/data/simdir/datyukov/simulation/SCPC2025/HW1_A/maestro/results/maestro/ExplorerRun.0/1/SCPC_HW1_A_1


*Info*    Creating Netlist for Point ID (0 1)

generate netlist...
Loading seCore.cxt 
Initializing the control file using cp:
    cp /eda/cadence/2017-18/RHELx86/IC_6.1.7.715/tools.lnx86/dfII/etc/si/control.spectre /home/datyukov/tsmcBCD/data/simdir/datyukov/simulation/SCPC2025/HW1_A/maestro/results/maestro/ExplorerRun.0/1/SCPC_HW1_A_1/netlist/control
Copying Spectre source file 'spectre.inp'
Copying Spectre command file 'spectre.sim'
Begin Incremental Netlisting Mar 19 10:06:17 2026
End netlisting Mar 19 10:06:17 2026

Netlisting Statistics:
	Number of components:   22

	Elapsed time:          0.0s
Errors: 0	Warnings: 0
      ...successful.
compose simulator input file...
      ...successful.

*Info*    Running simulation on testbench [ SCPC_HW1_A_1 ] for Point
          ID (0 1).

Delete psf data in /home/datyukov/tsmcBCD/data/simdir/datyukov/simulation/SCPC2025/HW1_A/maestro/results/maestro/ExplorerRun.0/1/SCPC_HW1_A_1/psf.
compose simulator input file...
      ...successful.
start simulator if needed...
      ...successful.
simulate...
To view the simulator output, right-click on the test name, result 
name, or any value in the "Results" tab of the Outputs section and 
choose "Output Log" menu option.
INFO (ADE-3067): Errors encountered during simulation. For more information, right-click
        on a test name in the 'Results' tab of the Outputs pane and choose 'Output Log'
        to view the simulation run log.

*Error*   Error ID  = 5011
*Error*   Error Msg = Simulator failed to complete the simulation.

          Error found by spectre during circuit read-in.
Error found
          by spectre during circuit read-in.
ERROR (SFE-868):
          "input.scs" 10: Can not open input file
          `/opt/ei/DK/tsmc/muse/BCDG2/2.16B_5M6_40K/tsmc18/../models/spectre/c018bcd_gen2_v1d6_usage.sc
s'. No such file or directory. Ensure that the file exists and the path to the file is correct. Otherwise, use the -I<path> command-line option to spe
cify the path to the file.
ERROR (SFE-868): "input.scs" 11: Can not open input file `/opt/ei/DK/tsmc/muse/BCDG2/2.16B_5M6_40K/tsmc18/../models/spectre/c018bcd_gen2_v1d6_usage.sc
s'. No such file or directory. Ensure that the file exists and the path to the file is correct. Otherwise, use the -I<path> command-line option to spe
cify the path to the
           file.





Simulation design variables differ from those on the cellView,
they have been saved in the file "/tmp/saved-design-variables".
To save future changes, copy variables to cellView before exiting.
