*Info*    Exporting services from client ... 

*Info*    Client has finished starting ... 



*Info*    Configuring the session ...

	Library      = Tutorial1_et4382
	Cell         = transtest
	View         = schematic
	Simulator    = spectre
	State Path   = $AXL_SETUPDB_DIR/test_states
	State Name   = ExplorerRun.0
	Results DB   = /home/datyukov/tsmcBCD/Tutorial1_et4382/transtest/maestro/results/maestro/ExplorerRun.0.rdb
	Results Dir  = /home/datyukov/tsmcBCD/data/simdir/datyukov/simulation/Tutorial1_et4382/transtest/maestro/results/maestro/ExplorerRun.0/1/Tutorial1_et4382:transtest:1
	Results Loc  = /home/datyukov/tsmcBCD/data/simdir/datyukov/simulation/Tutorial1_et4382/transtest/maestro/results/maestro
	Project Dir  = /home/datyukov/tsmcBCD/data/simdir/datyukov/simulation
	Setup DB loc = /home/datyukov/tsmcBCD/Tutorial1_et4382/transtest/maestro
	File Encoding = 0


*Info*    The simulation mode in Spectre has been changed from
          'interactive' to 'batch' mode because ICLP.


*Info*    The auto suspension is disabled.






*Info*    Run start for Point ID (0 1) on testbench [
          Tutorial1_et4382:transtest:1 ].

Resetting statistical vars

*Info*    Setting parameter values ...

Setting var C = "30n"
Setting var N_fft = "65536"
Setting var R = "1k"
Setting var Xint = "5"
Setting var fbin = "250"
Setting var fin = "Xint*fbin"
Setting var fs = "fbin*N_fft"
Setting temp(T) = 27

*Info*    Netlist Directory =
          /home/datyukov/tsmcBCD/data/simdir/datyukov/simulation/Tutorial1_et4382/transtest/maestro/results/maestro/ExplorerRun.0/1/Tutorial1_et4382:transtest:1/netlist


*Info*    Data Directory    =
          /home/datyukov/tsmcBCD/data/simdir/datyukov/simulation/Tutorial1_et4382/transtest/maestro/results/maestro/ExplorerRun.0/1/Tutorial1_et4382:transtest:1


*Info*    Creating Netlist for Point ID (0 1)

generate netlist...
Initializing the control file using cp:
    cp /eda/cadence/2017-18/RHELx86/IC_6.1.7.715/tools.lnx86/dfII/etc/si/control.spectre /home/datyukov/tsmcBCD/data/simdir/datyukov/simulation/Tutorial1_et4382/transtest/maestro/results/maestro/ExplorerRun.0/1/Tutorial1_et4382:transtest:1/netlist/control
Copying Spectre source file 'spectre.inp'
Copying Spectre command file 'spectre.sim'
Begin Incremental Netlisting Feb 12 13:11:14 2026
End netlisting Feb 12 13:11:14 2026

Netlisting Statistics:
	Number of components:    3

	Elapsed time:          0.0s
Errors: 0	Warnings: 0
      ...successful.
compose simulator input file...
      ...successful.

*Info*    Running simulation on testbench [
          Tutorial1_et4382:transtest:1 ] for Point ID (0 1).

Delete psf data in /home/datyukov/tsmcBCD/data/simdir/datyukov/simulation/Tutorial1_et4382/transtest/maestro/results/maestro/ExplorerRun.0/1/Tutorial1_et4382:transtest:1/psf.
compose simulator input file...
      ...successful.
start simulator if needed...
      ...successful.
simulate...
To view the simulator output, right-click on the test name, result 
name, or any value in the "Results" tab of the Outputs section and 
choose "Output Log" menu option.
INFO (ADE-3071): Simulation completed successfully.
reading simulation data...
      ...successful.
*Info*    Client has finished evaluating ... 


*Info*    Run complete for Point ID (0 1) on testbench [
          Tutorial1_et4382:transtest:1 ].





Simulation design variables differ from those on the cellView,
they have been saved in the file "/tmp/saved-design-variables".
To save future changes, copy variables to cellView before exiting.
